Archive member included because of file (symbol)

c:/program files (x86)/atmel/atmel toolchain/avr8 gcc/native/3.4.1061/avr8-gnu-toolchain/bin/../lib/gcc/avr/4.8.1/avrxmega2\libgcc.a(_exit.o)
                              c:/program files (x86)/atmel/atmel toolchain/avr8 gcc/native/3.4.1061/avr8-gnu-toolchain/bin/../lib/gcc/avr/4.8.1/../../../../avr/lib/avrxmega2/crtx32a4u.o (exit)
c:/program files (x86)/atmel/atmel toolchain/avr8 gcc/native/3.4.1061/avr8-gnu-toolchain/bin/../lib/gcc/avr/4.8.1/avrxmega2\libgcc.a(_clear_bss.o)
                              src/rf.o (__do_clear_bss)

Allocating common symbols
Common symbol       size              file

rf_spi_master       0x7               src/rf.o

Discarded input sections

 .data          0x00000000        0x0 c:/program files (x86)/atmel/atmel toolchain/avr8 gcc/native/3.4.1061/avr8-gnu-toolchain/bin/../lib/gcc/avr/4.8.1/../../../../avr/lib/avrxmega2/crtx32a4u.o
 .bss           0x00000000        0x0 c:/program files (x86)/atmel/atmel toolchain/avr8 gcc/native/3.4.1061/avr8-gnu-toolchain/bin/../lib/gcc/avr/4.8.1/../../../../avr/lib/avrxmega2/crtx32a4u.o
 .group         0x00000000        0x8 src/led.o
 .group         0x00000000        0x8 src/led.o
 .group         0x00000000        0x8 src/led.o
 .group         0x00000000        0x8 src/led.o
 .group         0x00000000        0x8 src/led.o
 .group         0x00000000        0x8 src/led.o
 .group         0x00000000        0x8 src/led.o
 .group         0x00000000        0x8 src/led.o
 .group         0x00000000        0x8 src/led.o
 .group         0x00000000        0x8 src/led.o
 .group         0x00000000        0x8 src/led.o
 .group         0x00000000        0x8 src/led.o
 .group         0x00000000        0x8 src/led.o
 .group         0x00000000        0x8 src/led.o
 .group         0x00000000        0x8 src/led.o
 .group         0x00000000        0x8 src/led.o
 .group         0x00000000        0x8 src/led.o
 .group         0x00000000        0x8 src/led.o
 .group         0x00000000        0x8 src/led.o
 .group         0x00000000        0x8 src/led.o
 .group         0x00000000        0x8 src/led.o
 .group         0x00000000        0x8 src/led.o
 .group         0x00000000        0x8 src/led.o
 .group         0x00000000        0x8 src/led.o
 .group         0x00000000        0x8 src/led.o
 .group         0x00000000        0x8 src/led.o
 .text          0x00000000        0x0 src/led.o
 .data          0x00000000        0x0 src/led.o
 .bss           0x00000000        0x0 src/led.o
 .text.led_set  0x00000000        0xa src/led.o
 .text.led_clear
                0x00000000        0xa src/led.o
 .group         0x00000000        0x8 src/rf.o
 .group         0x00000000        0x8 src/rf.o
 .group         0x00000000        0x8 src/rf.o
 .group         0x00000000        0x8 src/rf.o
 .group         0x00000000        0x8 src/rf.o
 .group         0x00000000        0x8 src/rf.o
 .group         0x00000000        0x8 src/rf.o
 .group         0x00000000        0x8 src/rf.o
 .group         0x00000000        0x8 src/rf.o
 .group         0x00000000        0x8 src/rf.o
 .group         0x00000000        0x8 src/rf.o
 .group         0x00000000        0x8 src/rf.o
 .group         0x00000000        0x8 src/rf.o
 .group         0x00000000        0x8 src/rf.o
 .group         0x00000000        0x8 src/rf.o
 .group         0x00000000        0x8 src/rf.o
 .group         0x00000000        0x8 src/rf.o
 .group         0x00000000        0x8 src/rf.o
 .group         0x00000000        0x8 src/rf.o
 .group         0x00000000        0x8 src/rf.o
 .group         0x00000000        0x8 src/rf.o
 .group         0x00000000        0x8 src/rf.o
 .group         0x00000000        0x8 src/rf.o
 .group         0x00000000        0x8 src/rf.o
 .group         0x00000000        0x8 src/rf.o
 .group         0x00000000        0x8 src/rf.o
 .group         0x00000000        0x8 src/rf.o
 .group         0x00000000        0x8 src/rf.o
 .text          0x00000000        0x0 src/rf.o
 .data          0x00000000        0x0 src/rf.o
 .bss           0x00000000        0x0 src/rf.o
 .text.set_CS   0x00000000       0x18 src/rf.o
 .text.set_CE   0x00000000       0x18 src/rf.o
 .text.spi_init
                0x00000000       0x38 src/rf.o
 .text.reg_write
                0x00000000       0x34 src/rf.o
 .text.reg_read
                0x00000000       0x2e src/rf.o
 .text.payload_write
                0x00000000       0x50 src/rf.o
 .text.status_bit_test
                0x00000000       0x4a src/rf.o
 .text.set_bit_in_reg
                0x00000000       0x46 src/rf.o
 .text.rf_init_as_tx
                0x00000000       0x48 src/rf.o
 .text.rf_clear_int_flags
                0x00000000        0xa src/rf.o
 .text.rf_send_byte
                0x00000000       0x30 src/rf.o
 .text.rf_wait_until_data_sent
                0x00000000        0xc src/rf.o
 .debug_info    0x00000000      0xb58 src/rf.o
 .debug_abbrev  0x00000000      0x27a src/rf.o
 .debug_loc     0x00000000      0x470 src/rf.o
 .debug_aranges
                0x00000000       0x78 src/rf.o
 .debug_ranges  0x00000000       0x68 src/rf.o
 .debug_macro   0x00000000      0x147 src/rf.o
 .debug_macro   0x00000000      0xa3c src/rf.o
 .debug_macro   0x00000000       0x10 src/rf.o
 .debug_macro   0x00000000      0x1ad src/rf.o
 .debug_macro   0x00000000       0x22 src/rf.o
 .debug_macro   0x00000000       0x1c src/rf.o
 .debug_macro   0x00000000      0x10e src/rf.o
 .debug_macro   0x00000000       0x66 src/rf.o
 .debug_macro   0x00000000       0x10 src/rf.o
 .debug_macro   0x00000000       0x10 src/rf.o
 .debug_macro   0x00000000      0x299 src/rf.o
 .debug_macro   0x00000000       0x9e src/rf.o
 .debug_macro   0x00000000     0x5486 src/rf.o
 .debug_macro   0x00000000       0x9a src/rf.o
 .debug_macro   0x00000000       0xf1 src/rf.o
 .debug_macro   0x00000000       0x34 src/rf.o
 .debug_macro   0x00000000       0x10 src/rf.o
 .debug_macro   0x00000000       0x18 src/rf.o
 .debug_macro   0x00000000       0x5e src/rf.o
 .debug_macro   0x00000000       0x69 src/rf.o
 .debug_macro   0x00000000       0x10 src/rf.o
 .debug_macro   0x00000000       0x12 src/rf.o
 .debug_macro   0x00000000      0x175 src/rf.o
 .debug_macro   0x00000000       0x10 src/rf.o
 .debug_macro   0x00000000      0x167 src/rf.o
 .debug_macro   0x00000000       0x2e src/rf.o
 .debug_macro   0x00000000       0x68 src/rf.o
 .debug_macro   0x00000000       0x5d src/rf.o
 .debug_macro   0x00000000      0x175 src/rf.o
 .debug_line    0x00000000      0x54c src/rf.o
 .debug_str     0x00000000    0x19ef7 src/rf.o
 .comment       0x00000000       0x31 src/rf.o
 .debug_frame   0x00000000      0x158 src/rf.o
 COMMON         0x00000000        0x7 src/rf.o
 .group         0x00000000        0x8 src/spi.o
 .group         0x00000000        0x8 src/spi.o
 .group         0x00000000        0x8 src/spi.o
 .group         0x00000000        0x8 src/spi.o
 .group         0x00000000        0x8 src/spi.o
 .group         0x00000000        0x8 src/spi.o
 .group         0x00000000        0x8 src/spi.o
 .group         0x00000000        0x8 src/spi.o
 .group         0x00000000        0x8 src/spi.o
 .group         0x00000000        0x8 src/spi.o
 .group         0x00000000        0x8 src/spi.o
 .group         0x00000000        0x8 src/spi.o
 .group         0x00000000        0x8 src/spi.o
 .group         0x00000000        0x8 src/spi.o
 .group         0x00000000        0x8 src/spi.o
 .group         0x00000000        0x8 src/spi.o
 .group         0x00000000        0x8 src/spi.o
 .group         0x00000000        0x8 src/spi.o
 .group         0x00000000        0x8 src/spi.o
 .group         0x00000000        0x8 src/spi.o
 .group         0x00000000        0x8 src/spi.o
 .group         0x00000000        0x8 src/spi.o
 .group         0x00000000        0x8 src/spi.o
 .group         0x00000000        0x8 src/spi.o
 .group         0x00000000        0x8 src/spi.o
 .group         0x00000000        0x8 src/spi.o
 .text          0x00000000        0x0 src/spi.o
 .data          0x00000000        0x0 src/spi.o
 .bss           0x00000000        0x0 src/spi.o
 .text.SPI_MasterInit
                0x00000000       0x5a src/spi.o
 .text.SPI_SlaveInit
                0x00000000       0x36 src/spi.o
 .text.SPI_MasterCreateDataPacket
                0x00000000       0x24 src/spi.o
 .text.SPI_MasterInterruptHandler
                0x00000000       0x80 src/spi.o
 .text.SPI_MasterInterruptTransceivePacket
                0x00000000       0x6e src/spi.o
 .text.SPI_MasterTransceiveByte
                0x00000000       0x18 src/spi.o
 .text.SPI_MasterTransceivePacket
                0x00000000       0xa8 src/spi.o
 .debug_info    0x00000000      0x762 src/spi.o
 .debug_abbrev  0x00000000      0x1b2 src/spi.o
 .debug_loc     0x00000000      0x4d7 src/spi.o
 .debug_aranges
                0x00000000       0x50 src/spi.o
 .debug_ranges  0x00000000       0x40 src/spi.o
 .debug_macro   0x00000000      0x10d src/spi.o
 .debug_macro   0x00000000      0xa3c src/spi.o
 .debug_macro   0x00000000       0x10 src/spi.o
 .debug_macro   0x00000000      0x1ad src/spi.o
 .debug_macro   0x00000000       0x22 src/spi.o
 .debug_macro   0x00000000       0x1c src/spi.o
 .debug_macro   0x00000000      0x10e src/spi.o
 .debug_macro   0x00000000       0x66 src/spi.o
 .debug_macro   0x00000000       0x10 src/spi.o
 .debug_macro   0x00000000       0x10 src/spi.o
 .debug_macro   0x00000000      0x299 src/spi.o
 .debug_macro   0x00000000       0x9e src/spi.o
 .debug_macro   0x00000000     0x5486 src/spi.o
 .debug_macro   0x00000000       0x9a src/spi.o
 .debug_macro   0x00000000       0xf1 src/spi.o
 .debug_macro   0x00000000       0x34 src/spi.o
 .debug_macro   0x00000000       0x10 src/spi.o
 .debug_macro   0x00000000       0x18 src/spi.o
 .debug_macro   0x00000000       0x5e src/spi.o
 .debug_macro   0x00000000       0x69 src/spi.o
 .debug_macro   0x00000000       0x10 src/spi.o
 .debug_macro   0x00000000       0x12 src/spi.o
 .debug_macro   0x00000000      0x175 src/spi.o
 .debug_macro   0x00000000       0x10 src/spi.o
 .debug_macro   0x00000000      0x167 src/spi.o
 .debug_macro   0x00000000       0x2e src/spi.o
 .debug_macro   0x00000000       0x57 src/spi.o
 .debug_line    0x00000000      0x589 src/spi.o
 .debug_str     0x00000000    0x1968e src/spi.o
 .comment       0x00000000       0x31 src/spi.o
 .debug_frame   0x00000000       0xcc src/spi.o
 .group         0x00000000        0x8 src/ASF/common/boards/user_board/init.o
 .group         0x00000000        0x8 src/ASF/common/boards/user_board/init.o
 .group         0x00000000        0x8 src/ASF/common/boards/user_board/init.o
 .group         0x00000000        0x8 src/ASF/common/boards/user_board/init.o
 .group         0x00000000        0x8 src/ASF/common/boards/user_board/init.o
 .group         0x00000000        0x8 src/ASF/common/boards/user_board/init.o
 .group         0x00000000        0x8 src/ASF/common/boards/user_board/init.o
 .group         0x00000000        0x8 src/ASF/common/boards/user_board/init.o
 .group         0x00000000        0x8 src/ASF/common/boards/user_board/init.o
 .group         0x00000000        0x8 src/ASF/common/boards/user_board/init.o
 .group         0x00000000        0x8 src/ASF/common/boards/user_board/init.o
 .group         0x00000000        0x8 src/ASF/common/boards/user_board/init.o
 .group         0x00000000        0x8 src/ASF/common/boards/user_board/init.o
 .group         0x00000000        0x8 src/ASF/common/boards/user_board/init.o
 .group         0x00000000        0x8 src/ASF/common/boards/user_board/init.o
 .group         0x00000000        0x8 src/ASF/common/boards/user_board/init.o
 .group         0x00000000        0x8 src/ASF/common/boards/user_board/init.o
 .group         0x00000000        0x8 src/ASF/common/boards/user_board/init.o
 .group         0x00000000        0x8 src/ASF/common/boards/user_board/init.o
 .group         0x00000000        0x8 src/ASF/common/boards/user_board/init.o
 .group         0x00000000        0x8 src/ASF/common/boards/user_board/init.o
 .group         0x00000000        0x8 src/ASF/common/boards/user_board/init.o
 .group         0x00000000        0x8 src/ASF/common/boards/user_board/init.o
 .group         0x00000000        0x8 src/ASF/common/boards/user_board/init.o
 .group         0x00000000        0x8 src/ASF/common/boards/user_board/init.o
 .group         0x00000000        0x8 src/ASF/common/boards/user_board/init.o
 .group         0x00000000        0x8 src/ASF/common/boards/user_board/init.o
 .group         0x00000000        0x8 src/ASF/common/boards/user_board/init.o
 .group         0x00000000        0x8 src/ASF/common/boards/user_board/init.o
 .group         0x00000000        0x8 src/ASF/common/boards/user_board/init.o
 .group         0x00000000        0x8 src/ASF/common/boards/user_board/init.o
 .group         0x00000000        0x8 src/ASF/common/boards/user_board/init.o
 .text          0x00000000        0x0 src/ASF/common/boards/user_board/init.o
 .data          0x00000000        0x0 src/ASF/common/boards/user_board/init.o
 .bss           0x00000000        0x0 src/ASF/common/boards/user_board/init.o
 .text.board_init
                0x00000000        0x2 src/ASF/common/boards/user_board/init.o
 .debug_info    0x00000000       0x91 src/ASF/common/boards/user_board/init.o
 .debug_abbrev  0x00000000       0x47 src/ASF/common/boards/user_board/init.o
 .debug_aranges
                0x00000000       0x20 src/ASF/common/boards/user_board/init.o
 .debug_ranges  0x00000000       0x10 src/ASF/common/boards/user_board/init.o
 .debug_macro   0x00000000      0x1a4 src/ASF/common/boards/user_board/init.o
 .debug_macro   0x00000000      0xa3c src/ASF/common/boards/user_board/init.o
 .debug_macro   0x00000000       0x10 src/ASF/common/boards/user_board/init.o
 .debug_macro   0x00000000      0x1ad src/ASF/common/boards/user_board/init.o
 .debug_macro   0x00000000      0x293 src/ASF/common/boards/user_board/init.o
 .debug_macro   0x00000000       0x9e src/ASF/common/boards/user_board/init.o
 .debug_macro   0x00000000     0x5486 src/ASF/common/boards/user_board/init.o
 .debug_macro   0x00000000       0x9a src/ASF/common/boards/user_board/init.o
 .debug_macro   0x00000000       0xf1 src/ASF/common/boards/user_board/init.o
 .debug_macro   0x00000000       0x34 src/ASF/common/boards/user_board/init.o
 .debug_macro   0x00000000       0x10 src/ASF/common/boards/user_board/init.o
 .debug_macro   0x00000000       0x18 src/ASF/common/boards/user_board/init.o
 .debug_macro   0x00000000       0x5e src/ASF/common/boards/user_board/init.o
 .debug_macro   0x00000000       0x10 src/ASF/common/boards/user_board/init.o
 .debug_macro   0x00000000       0x22 src/ASF/common/boards/user_board/init.o
 .debug_macro   0x00000000      0x166 src/ASF/common/boards/user_board/init.o
 .debug_macro   0x00000000       0x1c src/ASF/common/boards/user_board/init.o
 .debug_macro   0x00000000       0x35 src/ASF/common/boards/user_board/init.o
 .debug_macro   0x00000000       0x66 src/ASF/common/boards/user_board/init.o
 .debug_macro   0x00000000      0x4d1 src/ASF/common/boards/user_board/init.o
 .debug_macro   0x00000000       0x97 src/ASF/common/boards/user_board/init.o
 .debug_macro   0x00000000       0x17 src/ASF/common/boards/user_board/init.o
 .debug_macro   0x00000000      0x250 src/ASF/common/boards/user_board/init.o
 .debug_macro   0x00000000       0x76 src/ASF/common/boards/user_board/init.o
 .debug_macro   0x00000000       0x16 src/ASF/common/boards/user_board/init.o
 .debug_macro   0x00000000      0x6e3 src/ASF/common/boards/user_board/init.o
 .debug_macro   0x00000000       0x10 src/ASF/common/boards/user_board/init.o
 .debug_macro   0x00000000      0x175 src/ASF/common/boards/user_board/init.o
 .debug_macro   0x00000000       0x40 src/ASF/common/boards/user_board/init.o
 .debug_macro   0x00000000       0x69 src/ASF/common/boards/user_board/init.o
 .debug_macro   0x00000000       0x32 src/ASF/common/boards/user_board/init.o
 .debug_macro   0x00000000       0xe4 src/ASF/common/boards/user_board/init.o
 .debug_macro   0x00000000      0x242 src/ASF/common/boards/user_board/init.o
 .debug_line    0x00000000      0x414 src/ASF/common/boards/user_board/init.o
 .debug_str     0x00000000    0x23b17 src/ASF/common/boards/user_board/init.o
 .comment       0x00000000       0x31 src/ASF/common/boards/user_board/init.o
 .debug_frame   0x00000000       0x24 src/ASF/common/boards/user_board/init.o
 .group         0x00000000        0x8 src/main.o
 .group         0x00000000        0x8 src/main.o
 .group         0x00000000        0x8 src/main.o
 .group         0x00000000        0x8 src/main.o
 .group         0x00000000        0x8 src/main.o
 .group         0x00000000        0x8 src/main.o
 .group         0x00000000        0x8 src/main.o
 .group         0x00000000        0x8 src/main.o
 .group         0x00000000        0x8 src/main.o
 .group         0x00000000        0x8 src/main.o
 .group         0x00000000        0x8 src/main.o
 .group         0x00000000        0x8 src/main.o
 .group         0x00000000        0x8 src/main.o
 .group         0x00000000        0x8 src/main.o
 .group         0x00000000        0x8 src/main.o
 .group         0x00000000        0x8 src/main.o
 .group         0x00000000        0x8 src/main.o
 .group         0x00000000        0x8 src/main.o
 .group         0x00000000        0x8 src/main.o
 .group         0x00000000        0x8 src/main.o
 .group         0x00000000        0x8 src/main.o
 .group         0x00000000        0x8 src/main.o
 .group         0x00000000        0x8 src/main.o
 .group         0x00000000        0x8 src/main.o
 .group         0x00000000        0x8 src/main.o
 .group         0x00000000        0x8 src/main.o
 .text          0x00000000        0x0 src/main.o
 .data          0x00000000        0x0 src/main.o
 .bss           0x00000000        0x0 src/main.o
 .debug_macro   0x00000000      0xa3c src/main.o
 .debug_macro   0x00000000       0x10 src/main.o
 .debug_macro   0x00000000      0x1ad src/main.o
 .debug_macro   0x00000000       0x22 src/main.o
 .debug_macro   0x00000000       0x1c src/main.o
 .debug_macro   0x00000000      0x10e src/main.o
 .debug_macro   0x00000000       0x66 src/main.o
 .debug_macro   0x00000000       0x10 src/main.o
 .debug_macro   0x00000000       0x10 src/main.o
 .debug_macro   0x00000000      0x299 src/main.o
 .debug_macro   0x00000000       0x9e src/main.o
 .debug_macro   0x00000000     0x5486 src/main.o
 .debug_macro   0x00000000       0x9a src/main.o
 .debug_macro   0x00000000       0xf1 src/main.o
 .debug_macro   0x00000000       0x34 src/main.o
 .debug_macro   0x00000000       0x10 src/main.o
 .debug_macro   0x00000000       0x18 src/main.o
 .debug_macro   0x00000000       0x5e src/main.o
 .debug_macro   0x00000000       0x69 src/main.o
 .debug_macro   0x00000000       0x10 src/main.o
 .debug_macro   0x00000000       0x12 src/main.o
 .debug_macro   0x00000000      0x175 src/main.o
 .debug_macro   0x00000000       0x10 src/main.o
 .debug_macro   0x00000000      0x167 src/main.o
 .debug_macro   0x00000000       0x2e src/main.o
 .text          0x00000000        0x0 c:/program files (x86)/atmel/atmel toolchain/avr8 gcc/native/3.4.1061/avr8-gnu-toolchain/bin/../lib/gcc/avr/4.8.1/avrxmega2\libgcc.a(_exit.o)
 .data          0x00000000        0x0 c:/program files (x86)/atmel/atmel toolchain/avr8 gcc/native/3.4.1061/avr8-gnu-toolchain/bin/../lib/gcc/avr/4.8.1/avrxmega2\libgcc.a(_exit.o)
 .bss           0x00000000        0x0 c:/program files (x86)/atmel/atmel toolchain/avr8 gcc/native/3.4.1061/avr8-gnu-toolchain/bin/../lib/gcc/avr/4.8.1/avrxmega2\libgcc.a(_exit.o)
 .text.libgcc.mul
                0x00000000        0x0 c:/program files (x86)/atmel/atmel toolchain/avr8 gcc/native/3.4.1061/avr8-gnu-toolchain/bin/../lib/gcc/avr/4.8.1/avrxmega2\libgcc.a(_exit.o)
 .text.libgcc.div
                0x00000000        0x0 c:/program files (x86)/atmel/atmel toolchain/avr8 gcc/native/3.4.1061/avr8-gnu-toolchain/bin/../lib/gcc/avr/4.8.1/avrxmega2\libgcc.a(_exit.o)
 .text.libgcc   0x00000000        0x0 c:/program files (x86)/atmel/atmel toolchain/avr8 gcc/native/3.4.1061/avr8-gnu-toolchain/bin/../lib/gcc/avr/4.8.1/avrxmega2\libgcc.a(_exit.o)
 .text.libgcc.prologue
                0x00000000        0x0 c:/program files (x86)/atmel/atmel toolchain/avr8 gcc/native/3.4.1061/avr8-gnu-toolchain/bin/../lib/gcc/avr/4.8.1/avrxmega2\libgcc.a(_exit.o)
 .text.libgcc.builtins
                0x00000000        0x0 c:/program files (x86)/atmel/atmel toolchain/avr8 gcc/native/3.4.1061/avr8-gnu-toolchain/bin/../lib/gcc/avr/4.8.1/avrxmega2\libgcc.a(_exit.o)
 .text.libgcc.fmul
                0x00000000        0x0 c:/program files (x86)/atmel/atmel toolchain/avr8 gcc/native/3.4.1061/avr8-gnu-toolchain/bin/../lib/gcc/avr/4.8.1/avrxmega2\libgcc.a(_exit.o)
 .text.libgcc.fixed
                0x00000000        0x0 c:/program files (x86)/atmel/atmel toolchain/avr8 gcc/native/3.4.1061/avr8-gnu-toolchain/bin/../lib/gcc/avr/4.8.1/avrxmega2\libgcc.a(_exit.o)
 .text          0x00000000        0x0 c:/program files (x86)/atmel/atmel toolchain/avr8 gcc/native/3.4.1061/avr8-gnu-toolchain/bin/../lib/gcc/avr/4.8.1/avrxmega2\libgcc.a(_clear_bss.o)
 .data          0x00000000        0x0 c:/program files (x86)/atmel/atmel toolchain/avr8 gcc/native/3.4.1061/avr8-gnu-toolchain/bin/../lib/gcc/avr/4.8.1/avrxmega2\libgcc.a(_clear_bss.o)
 .bss           0x00000000        0x0 c:/program files (x86)/atmel/atmel toolchain/avr8 gcc/native/3.4.1061/avr8-gnu-toolchain/bin/../lib/gcc/avr/4.8.1/avrxmega2\libgcc.a(_clear_bss.o)
 .text.libgcc.mul
                0x00000000        0x0 c:/program files (x86)/atmel/atmel toolchain/avr8 gcc/native/3.4.1061/avr8-gnu-toolchain/bin/../lib/gcc/avr/4.8.1/avrxmega2\libgcc.a(_clear_bss.o)
 .text.libgcc.div
                0x00000000        0x0 c:/program files (x86)/atmel/atmel toolchain/avr8 gcc/native/3.4.1061/avr8-gnu-toolchain/bin/../lib/gcc/avr/4.8.1/avrxmega2\libgcc.a(_clear_bss.o)
 .text.libgcc   0x00000000        0x0 c:/program files (x86)/atmel/atmel toolchain/avr8 gcc/native/3.4.1061/avr8-gnu-toolchain/bin/../lib/gcc/avr/4.8.1/avrxmega2\libgcc.a(_clear_bss.o)
 .text.libgcc.prologue
                0x00000000        0x0 c:/program files (x86)/atmel/atmel toolchain/avr8 gcc/native/3.4.1061/avr8-gnu-toolchain/bin/../lib/gcc/avr/4.8.1/avrxmega2\libgcc.a(_clear_bss.o)
 .text.libgcc.builtins
                0x00000000        0x0 c:/program files (x86)/atmel/atmel toolchain/avr8 gcc/native/3.4.1061/avr8-gnu-toolchain/bin/../lib/gcc/avr/4.8.1/avrxmega2\libgcc.a(_clear_bss.o)
 .text.libgcc.fmul
                0x00000000        0x0 c:/program files (x86)/atmel/atmel toolchain/avr8 gcc/native/3.4.1061/avr8-gnu-toolchain/bin/../lib/gcc/avr/4.8.1/avrxmega2\libgcc.a(_clear_bss.o)
 .text.libgcc.fixed
                0x00000000        0x0 c:/program files (x86)/atmel/atmel toolchain/avr8 gcc/native/3.4.1061/avr8-gnu-toolchain/bin/../lib/gcc/avr/4.8.1/avrxmega2\libgcc.a(_clear_bss.o)

Memory Configuration

Name             Origin             Length             Attributes
text             0x00000000         0x00100000         xr
data             0x00802000         0x0000ffa0         rw !x
eeprom           0x00810000         0x00010000         rw !x
fuse             0x00820000         0x00000400         rw !x
lock             0x00830000         0x00000400         rw !x
signature        0x00840000         0x00000400         rw !x
user_signatures  0x00850000         0x00000400         rw !x
*default*        0x00000000         0xffffffff

Linker script and memory map

LOAD c:/program files (x86)/atmel/atmel toolchain/avr8 gcc/native/3.4.1061/avr8-gnu-toolchain/bin/../lib/gcc/avr/4.8.1/../../../../avr/lib/avrxmega2/crtx32a4u.o
LOAD src/led.o
LOAD src/rf.o
LOAD src/spi.o
LOAD src/ASF/common/boards/user_board/init.o
LOAD src/main.o
START GROUP
LOAD c:/program files (x86)/atmel/atmel toolchain/avr8 gcc/native/3.4.1061/avr8-gnu-toolchain/bin/../lib/gcc/avr/4.8.1/../../../../avr/lib/avrxmega2\libm.a
END GROUP
START GROUP
LOAD c:/program files (x86)/atmel/atmel toolchain/avr8 gcc/native/3.4.1061/avr8-gnu-toolchain/bin/../lib/gcc/avr/4.8.1/avrxmega2\libgcc.a
LOAD c:/program files (x86)/atmel/atmel toolchain/avr8 gcc/native/3.4.1061/avr8-gnu-toolchain/bin/../lib/gcc/avr/4.8.1/../../../../avr/lib/avrxmega2\libm.a
LOAD c:/program files (x86)/atmel/atmel toolchain/avr8 gcc/native/3.4.1061/avr8-gnu-toolchain/bin/../lib/gcc/avr/4.8.1/../../../../avr/lib/avrxmega2\libc.a
END GROUP

.hash
 *(.hash)

.dynsym
 *(.dynsym)

.dynstr
 *(.dynstr)

.gnu.version
 *(.gnu.version)

.gnu.version_d
 *(.gnu.version_d)

.gnu.version_r
 *(.gnu.version_r)

.rel.init
 *(.rel.init)

.rela.init
 *(.rela.init)

.rel.text
 *(.rel.text)
 *(.rel.text.*)
 *(.rel.gnu.linkonce.t*)

.rela.text
 *(.rela.text)
 *(.rela.text.*)
 *(.rela.gnu.linkonce.t*)

.rel.fini
 *(.rel.fini)

.rela.fini
 *(.rela.fini)

.rel.rodata
 *(.rel.rodata)
 *(.rel.rodata.*)
 *(.rel.gnu.linkonce.r*)

.rela.rodata
 *(.rela.rodata)
 *(.rela.rodata.*)
 *(.rela.gnu.linkonce.r*)

.rel.data
 *(.rel.data)
 *(.rel.data.*)
 *(.rel.gnu.linkonce.d*)

.rela.data
 *(.rela.data)
 *(.rela.data.*)
 *(.rela.gnu.linkonce.d*)

.rel.ctors
 *(.rel.ctors)

.rela.ctors
 *(.rela.ctors)

.rel.dtors
 *(.rel.dtors)

.rela.dtors
 *(.rela.dtors)

.rel.got
 *(.rel.got)

.rela.got
 *(.rela.got)

.rel.bss
 *(.rel.bss)

.rela.bss
 *(.rela.bss)

.rel.plt
 *(.rel.plt)

.rela.plt
 *(.rela.plt)

.text           0x00000000      0x2ac
 *(.vectors)
 .vectors       0x00000000      0x1fc c:/program files (x86)/atmel/atmel toolchain/avr8 gcc/native/3.4.1061/avr8-gnu-toolchain/bin/../lib/gcc/avr/4.8.1/../../../../avr/lib/avrxmega2/crtx32a4u.o
                0x00000000                __vector_default
                0x00000000                __vectors
 *(.vectors)
 *(.progmem.gcc*)
                0x000001fc                . = ALIGN (0x2)
                0x000001fc                __trampolines_start = .
 *(.trampolines)
 .trampolines   0x000001fc        0x0 linker stubs
 *(.trampolines*)
                0x000001fc                __trampolines_end = .
 *(.progmem*)
                0x000001fc                . = ALIGN (0x2)
 *(.jumptables)
 *(.jumptables*)
 *(.lowtext)
 *(.lowtext*)
                0x000001fc                __ctors_start = .
 *(.ctors)
                0x000001fc                __ctors_end = .
                0x000001fc                __dtors_start = .
 *(.dtors)
                0x000001fc                __dtors_end = .
 SORT(*)(.ctors)
 SORT(*)(.dtors)
 *(.init0)
 .init0         0x000001fc        0x0 c:/program files (x86)/atmel/atmel toolchain/avr8 gcc/native/3.4.1061/avr8-gnu-toolchain/bin/../lib/gcc/avr/4.8.1/../../../../avr/lib/avrxmega2/crtx32a4u.o
                0x000001fc                __init
 *(.init0)
 *(.init1)
 *(.init1)
 *(.init2)
 .init2         0x000001fc        0xc c:/program files (x86)/atmel/atmel toolchain/avr8 gcc/native/3.4.1061/avr8-gnu-toolchain/bin/../lib/gcc/avr/4.8.1/../../../../avr/lib/avrxmega2/crtx32a4u.o
 *(.init2)
 *(.init3)
 *(.init3)
 *(.init4)
 .init4         0x00000208       0x10 c:/program files (x86)/atmel/atmel toolchain/avr8 gcc/native/3.4.1061/avr8-gnu-toolchain/bin/../lib/gcc/avr/4.8.1/avrxmega2\libgcc.a(_clear_bss.o)
                0x00000208                __do_clear_bss
 *(.init4)
 *(.init5)
 *(.init5)
 *(.init6)
 *(.init6)
 *(.init7)
 *(.init7)
 *(.init8)
 *(.init8)
 *(.init9)
 .init9         0x00000218        0x4 c:/program files (x86)/atmel/atmel toolchain/avr8 gcc/native/3.4.1061/avr8-gnu-toolchain/bin/../lib/gcc/avr/4.8.1/../../../../avr/lib/avrxmega2/crtx32a4u.o
 *(.init9)
 *(.text)
 .text          0x0000021c        0x2 c:/program files (x86)/atmel/atmel toolchain/avr8 gcc/native/3.4.1061/avr8-gnu-toolchain/bin/../lib/gcc/avr/4.8.1/../../../../avr/lib/avrxmega2/crtx32a4u.o
                0x0000021c                __vector_38
                0x0000021c                __vector_104
                0x0000021c                __vector_22
                0x0000021c                __vector_63
                0x0000021c                __vector_28
                0x0000021c                __vector_67
                0x0000021c                __vector_1
                0x0000021c                __vector_119
                0x0000021c                __vector_32
                0x0000021c                __vector_75
                0x0000021c                __vector_71
                0x0000021c                __vector_91
                0x0000021c                __vector_34
                0x0000021c                __vector_62
                0x0000021c                __vector_77
                0x0000021c                __vector_102
                0x0000021c                __vector_24
                0x0000021c                __vector_12
                0x0000021c                __vector_55
                0x0000021c                __vector_69
                0x0000021c                __vector_81
                0x0000021c                __vector_90
                0x0000021c                __vector_46
                0x0000021c                __bad_interrupt
                0x0000021c                __vector_122
                0x0000021c                __vector_72
                0x0000021c                __vector_114
                0x0000021c                __vector_6
                0x0000021c                __vector_110
                0x0000021c                __vector_31
                0x0000021c                __vector_92
                0x0000021c                __vector_35
                0x0000021c                __vector_78
                0x0000021c                __vector_74
                0x0000021c                __vector_117
                0x0000021c                __vector_39
                0x0000021c                __vector_107
                0x0000021c                __vector_3
                0x0000021c                __vector_105
                0x0000021c                __vector_98
                0x0000021c                __vector_23
                0x0000021c                __vector_68
                0x0000021c                __vector_30
                0x0000021c                __vector_73
                0x0000021c                __vector_45
                0x0000021c                __vector_25
                0x0000021c                __vector_93
                0x0000021c                __vector_61
                0x0000021c                __vector_11
                0x0000021c                __vector_54
                0x0000021c                __vector_99
                0x0000021c                __vector_13
                0x0000021c                __vector_17
                0x0000021c                __vector_19
                0x0000021c                __vector_56
                0x0000021c                __vector_7
                0x0000021c                __vector_125
                0x0000021c                __vector_49
                0x0000021c                __vector_123
                0x0000021c                __vector_41
                0x0000021c                __vector_86
                0x0000021c                __vector_100
                0x0000021c                __vector_101
                0x0000021c                __vector_64
                0x0000021c                __vector_88
                0x0000021c                __vector_109
                0x0000021c                __vector_43
                0x0000021c                __vector_27
                0x0000021c                __vector_5
                0x0000021c                __vector_113
                0x0000021c                __vector_33
                0x0000021c                __vector_76
                0x0000021c                __vector_115
                0x0000021c                __vector_47
                0x0000021c                __vector_52
                0x0000021c                __vector_37
                0x0000021c                __vector_95
                0x0000021c                __vector_103
                0x0000021c                __vector_96
                0x0000021c                __vector_89
                0x0000021c                __vector_108
                0x0000021c                __vector_4
                0x0000021c                __vector_44
                0x0000021c                __vector_82
                0x0000021c                __vector_106
                0x0000021c                __vector_118
                0x0000021c                __vector_51
                0x0000021c                __vector_9
                0x0000021c                __vector_21
                0x0000021c                __vector_15
                0x0000021c                __vector_66
                0x0000021c                __vector_36
                0x0000021c                __vector_79
                0x0000021c                __vector_58
                0x0000021c                __vector_70
                0x0000021c                __vector_83
                0x0000021c                __vector_29
                0x0000021c                __vector_60
                0x0000021c                __vector_121
                0x0000021c                __vector_40
                0x0000021c                __vector_85
                0x0000021c                __vector_94
                0x0000021c                __vector_126
                0x0000021c                __vector_8
                0x0000021c                __vector_26
                0x0000021c                __vector_48
                0x0000021c                __vector_124
                0x0000021c                __vector_116
                0x0000021c                __vector_112
                0x0000021c                __vector_111
                0x0000021c                __vector_80
                0x0000021c                __vector_14
                0x0000021c                __vector_84
                0x0000021c                __vector_57
                0x0000021c                __vector_53
                0x0000021c                __vector_10
                0x0000021c                __vector_50
                0x0000021c                __vector_16
                0x0000021c                __vector_59
                0x0000021c                __vector_18
                0x0000021c                __vector_97
                0x0000021c                __vector_20
                0x0000021c                __vector_42
                0x0000021c                __vector_87
                0x0000021c                __vector_65
                0x0000021c                __vector_120
                0x0000021e                . = ALIGN (0x2)
 *(.text.*)
 .text.led_init
                0x0000021e        0xa src/led.o
                0x0000021e                led_init
 .text.led_toggle
                0x00000228        0xa src/led.o
                0x00000228                led_toggle
 .text.__vector_2
                0x00000232       0x46 src/main.o
                0x00000232                __vector_2
 .text.main     0x00000278       0x30 src/main.o
                0x00000278                main
                0x000002a8                . = ALIGN (0x2)
 *(.fini9)
 .fini9         0x000002a8        0x0 c:/program files (x86)/atmel/atmel toolchain/avr8 gcc/native/3.4.1061/avr8-gnu-toolchain/bin/../lib/gcc/avr/4.8.1/avrxmega2\libgcc.a(_exit.o)
                0x000002a8                _exit
                0x000002a8                exit
 *(.fini9)
 *(.fini8)
 *(.fini8)
 *(.fini7)
 *(.fini7)
 *(.fini6)
 *(.fini6)
 *(.fini5)
 *(.fini5)
 *(.fini4)
 *(.fini4)
 *(.fini3)
 *(.fini3)
 *(.fini2)
 *(.fini2)
 *(.fini1)
 *(.fini1)
 *(.fini0)
 .fini0         0x000002a8        0x4 c:/program files (x86)/atmel/atmel toolchain/avr8 gcc/native/3.4.1061/avr8-gnu-toolchain/bin/../lib/gcc/avr/4.8.1/avrxmega2\libgcc.a(_exit.o)
 *(.fini0)
                0x000002ac                _etext = .

.data           0x00802000        0x0 load address 0x000002ac
                0x00802000                PROVIDE (__data_start, .)
 *(.data)
 *(.data*)
 *(.rodata)
 *(.rodata*)
 *(.gnu.linkonce.d*)
                0x00802000                . = ALIGN (0x2)
                0x00802000                _edata = .
                0x00802000                PROVIDE (__data_end, .)

.bss            0x00802000        0x0
                0x00802000                PROVIDE (__bss_start, .)
 *(.bss)
 *(.bss*)
 *(COMMON)
                0x00802000                PROVIDE (__bss_end, .)
                0x000002ac                __data_load_start = LOADADDR (.data)
                0x000002ac                __data_load_end = (__data_load_start + SIZEOF (.data))

.noinit         0x00802000        0x0
                0x00802000                PROVIDE (__noinit_start, .)
 *(.noinit*)
                0x00802000                PROVIDE (__noinit_end, .)
                0x00802000                _end = .
                0x00802000                PROVIDE (__heap_start, .)

.eeprom         0x00810000        0x0
 *(.eeprom*)
                0x00810000                __eeprom_end = .

.fuse
 *(.fuse)
 *(.lfuse)
 *(.hfuse)
 *(.efuse)

.lock
 *(.lock*)

.signature
 *(.signature*)

.user_signatures
 *(.user_signatures*)

.stab
 *(.stab)

.stabstr
 *(.stabstr)

.stab.excl
 *(.stab.excl)

.stab.exclstr
 *(.stab.exclstr)

.stab.index
 *(.stab.index)

.stab.indexstr
 *(.stab.indexstr)

.comment        0x00000000       0x30
 *(.comment)
 .comment       0x00000000       0x30 src/led.o
                                 0x31 (size before relaxing)
 .comment       0x00000000       0x31 src/main.o

.note.gnu.build-id
 *(.note.gnu.build-id)

.debug
 *(.debug)

.line
 *(.line)

.debug_srcinfo
 *(.debug_srcinfo)

.debug_sfnames
 *(.debug_sfnames)

.debug_aranges  0x00000000       0x60
 *(.debug_aranges)
 .debug_aranges
                0x00000000       0x38 src/led.o
 .debug_aranges
                0x00000038       0x28 src/main.o

.debug_pubnames
 *(.debug_pubnames)

.debug_info     0x00000000      0x5d4
 *(.debug_info .gnu.linkonce.wi.*)
 .debug_info    0x00000000      0x261 src/led.o
 .debug_info    0x00000261      0x373 src/main.o

.debug_abbrev   0x00000000      0x164
 *(.debug_abbrev)
 .debug_abbrev  0x00000000       0x95 src/led.o
 .debug_abbrev  0x00000095       0xcf src/main.o

.debug_line     0x00000000      0x6a6
 *(.debug_line .debug_line.* .debug_line_end)
 .debug_line    0x00000000      0x348 src/led.o
 .debug_line    0x00000348      0x35e src/main.o

.debug_frame    0x00000000       0xd0
 *(.debug_frame)
 .debug_frame   0x00000000       0x54 src/led.o
 .debug_frame   0x00000054       0x7c src/main.o

.debug_str      0x00000000    0x19507
 *(.debug_str)
 .debug_str     0x00000000    0x1910b src/led.o
                              0x1963b (size before relaxing)
 .debug_str     0x0001910b      0x3fc src/main.o
                              0x19595 (size before relaxing)

.debug_loc      0x00000000       0xcb
 *(.debug_loc)
 .debug_loc     0x00000000       0xcb src/main.o

.debug_macinfo
 *(.debug_macinfo)

.debug_weaknames
 *(.debug_weaknames)

.debug_funcnames
 *(.debug_funcnames)

.debug_typenames
 *(.debug_typenames)

.debug_varnames
 *(.debug_varnames)

.debug_pubtypes
 *(.debug_pubtypes)

.debug_ranges   0x00000000       0x40
 *(.debug_ranges)
 .debug_ranges  0x00000000       0x28 src/led.o
 .debug_ranges  0x00000028       0x18 src/main.o

.debug_macro    0x00000000     0x6e66
 *(.debug_macro)
 .debug_macro   0x00000000      0x11d src/led.o
 .debug_macro   0x0000011d      0xa3c src/led.o
 .debug_macro   0x00000b59       0x10 src/led.o
 .debug_macro   0x00000b69      0x1ad src/led.o
 .debug_macro   0x00000d16       0x22 src/led.o
 .debug_macro   0x00000d38       0x1c src/led.o
 .debug_macro   0x00000d54      0x10e src/led.o
 .debug_macro   0x00000e62       0x66 src/led.o
 .debug_macro   0x00000ec8       0x10 src/led.o
 .debug_macro   0x00000ed8       0x10 src/led.o
 .debug_macro   0x00000ee8      0x299 src/led.o
 .debug_macro   0x00001181       0x9e src/led.o
 .debug_macro   0x0000121f     0x5486 src/led.o
 .debug_macro   0x000066a5       0x9a src/led.o
 .debug_macro   0x0000673f       0xf1 src/led.o
 .debug_macro   0x00006830       0x34 src/led.o
 .debug_macro   0x00006864       0x10 src/led.o
 .debug_macro   0x00006874       0x18 src/led.o
 .debug_macro   0x0000688c       0x5e src/led.o
 .debug_macro   0x000068ea       0x69 src/led.o
 .debug_macro   0x00006953       0x10 src/led.o
 .debug_macro   0x00006963       0x12 src/led.o
 .debug_macro   0x00006975      0x175 src/led.o
 .debug_macro   0x00006aea       0x10 src/led.o
 .debug_macro   0x00006afa      0x167 src/led.o
 .debug_macro   0x00006c61       0x2e src/led.o
 .debug_macro   0x00006c8f       0x68 src/led.o
 .debug_macro   0x00006cf7      0x111 src/main.o
 .debug_macro   0x00006e08       0x5e src/main.o
OUTPUT(RF_part1.elf elf32-avr)
LOAD linker stubs
